W0823 06:23:41.877000 1130025 <PY_ENV>/lib/python3.11/site-packages/torch/distributed/run.py:803] 
W0823 06:23:41.877000 1130025 <PY_ENV>/lib/python3.11/site-packages/torch/distributed/run.py:803] *****************************************
W0823 06:23:41.877000 1130025 <PY_ENV>/lib/python3.11/site-packages/torch/distributed/run.py:803] Setting OMP_NUM_THREADS environment variable for each process to be 1 in default, to avoid your system being overloaded, please further tune the variable for optimal performance in your application as needed. 
W0823 06:23:41.877000 1130025 <PY_ENV>/lib/python3.11/site-packages/torch/distributed/run.py:803] *****************************************
<REPO>/model/dinov2/layers/swiglu_ffn.py:46: UserWarning: xFormers is disabled (SwiGLU)
  warnings.warn("xFormers is disabled (SwiGLU)")
<REPO>/model/dinov2/layers/swiglu_ffn.py:52: UserWarning: xFormers is not available (SwiGLU)
  warnings.warn("xFormers is not available (SwiGLU)")
<REPO>/model/dinov2/layers/attention.py:31: UserWarning: xFormers is disabled (Attention)
  warnings.warn("xFormers is disabled (Attention)")
<REPO>/model/dinov2/layers/attention.py:35: UserWarning: xFormers is not available (Attention)
  warnings.warn("xFormers is not available (Attention)")
<REPO>/model/dinov2/layers/block.py:37: UserWarning: xFormers is disabled (Block)
  warnings.warn("xFormers is disabled (Block)")
<REPO>/model/dinov2/layers/block.py:42: UserWarning: xFormers is not available (Block)
  warnings.warn("xFormers is not available (Block)")
<REPO>/model/dinov2/layers/swiglu_ffn.py:46: UserWarning: xFormers is disabled (SwiGLU)
  warnings.warn("xFormers is disabled (SwiGLU)")
<REPO>/model/dinov2/layers/swiglu_ffn.py:46: UserWarning: xFormers is disabled (SwiGLU)
  warnings.warn("xFormers is disabled (SwiGLU)")
<REPO>/model/dinov2/layers/swiglu_ffn.py:46: UserWarning: xFormers is disabled (SwiGLU)
  warnings.warn("xFormers is disabled (SwiGLU)")
<REPO>/model/dinov2/layers/swiglu_ffn.py:52: UserWarning: xFormers is not available (SwiGLU)
  warnings.warn("xFormers is not available (SwiGLU)")
<REPO>/model/dinov2/layers/swiglu_ffn.py:52: UserWarning: xFormers is not available (SwiGLU)
  warnings.warn("xFormers is not available (SwiGLU)")
<REPO>/model/dinov2/layers/swiglu_ffn.py:52: UserWarning: xFormers is not available (SwiGLU)
  warnings.warn("xFormers is not available (SwiGLU)")
<REPO>/model/dinov2/layers/attention.py:31: UserWarning: xFormers is disabled (Attention)
  warnings.warn("xFormers is disabled (Attention)")
<REPO>/model/dinov2/layers/attention.py:31: UserWarning: xFormers is disabled (Attention)
  warnings.warn("xFormers is disabled (Attention)")
<REPO>/model/dinov2/layers/attention.py:31: UserWarning: xFormers is disabled (Attention)
  warnings.warn("xFormers is disabled (Attention)")
<REPO>/model/dinov2/layers/attention.py:35: UserWarning: xFormers is not available (Attention)
  warnings.warn("xFormers is not available (Attention)")
<REPO>/model/dinov2/layers/attention.py:35: UserWarning: xFormers is not available (Attention)
  warnings.warn("xFormers is not available (Attention)")
<REPO>/model/dinov2/layers/attention.py:35: UserWarning: xFormers is not available (Attention)
  warnings.warn("xFormers is not available (Attention)")
<REPO>/model/dinov2/layers/block.py:37: UserWarning: xFormers is disabled (Block)
  warnings.warn("xFormers is disabled (Block)")
<REPO>/model/dinov2/layers/block.py:37: UserWarning: xFormers is disabled (Block)
  warnings.warn("xFormers is disabled (Block)")
<REPO>/model/dinov2/layers/block.py:37: UserWarning: xFormers is disabled (Block)
  warnings.warn("xFormers is disabled (Block)")
<REPO>/model/dinov2/layers/block.py:42: UserWarning: xFormers is not available (Block)
  warnings.warn("xFormers is not available (Block)")
<REPO>/model/dinov2/layers/block.py:42: UserWarning: xFormers is not available (Block)
  warnings.warn("xFormers is not available (Block)")
<REPO>/model/dinov2/layers/block.py:42: UserWarning: xFormers is not available (Block)
  warnings.warn("xFormers is not available (Block)")
<REPO>/model/dinov2/layers/swiglu_ffn.py:46: UserWarning: xFormers is disabled (SwiGLU)
  warnings.warn("xFormers is disabled (SwiGLU)")
<REPO>/model/dinov2/layers/swiglu_ffn.py:52: UserWarning: xFormers is not available (SwiGLU)
  warnings.warn("xFormers is not available (SwiGLU)")
<REPO>/model/dinov2/layers/attention.py:31: UserWarning: xFormers is disabled (Attention)
  warnings.warn("xFormers is disabled (Attention)")
<REPO>/model/dinov2/layers/attention.py:35: UserWarning: xFormers is not available (Attention)
  warnings.warn("xFormers is not available (Attention)")
<REPO>/model/dinov2/layers/block.py:37: UserWarning: xFormers is disabled (Block)
  warnings.warn("xFormers is disabled (Block)")
<REPO>/model/dinov2/layers/block.py:42: UserWarning: xFormers is not available (Block)
  warnings.warn("xFormers is not available (Block)")
<REPO>/model/dinov2/layers/swiglu_ffn.py:46: UserWarning: xFormers is disabled (SwiGLU)
  warnings.warn("xFormers is disabled (SwiGLU)")
<REPO>/model/dinov2/layers/swiglu_ffn.py:52: UserWarning: xFormers is not available (SwiGLU)
  warnings.warn("xFormers is not available (SwiGLU)")
<REPO>/model/dinov2/layers/attention.py:31: UserWarning: xFormers is disabled (Attention)
  warnings.warn("xFormers is disabled (Attention)")
<REPO>/model/dinov2/layers/attention.py:35: UserWarning: xFormers is not available (Attention)
  warnings.warn("xFormers is not available (Attention)")
<REPO>/model/dinov2/layers/block.py:37: UserWarning: xFormers is disabled (Block)
  warnings.warn("xFormers is disabled (Block)")
<REPO>/model/dinov2/layers/block.py:42: UserWarning: xFormers is not available (Block)
  warnings.warn("xFormers is not available (Block)")
<REPO>/model/dinov2/layers/swiglu_ffn.py:46: UserWarning: xFormers is disabled (SwiGLU)
  warnings.warn("xFormers is disabled (SwiGLU)")
<REPO>/model/dinov2/layers/swiglu_ffn.py:52: UserWarning: xFormers is not available (SwiGLU)
  warnings.warn("xFormers is not available (SwiGLU)")
<REPO>/model/dinov2/layers/attention.py:31: UserWarning: xFormers is disabled (Attention)
  warnings.warn("xFormers is disabled (Attention)")
<REPO>/model/dinov2/layers/attention.py:35: UserWarning: xFormers is not available (Attention)
  warnings.warn("xFormers is not available (Attention)")
<REPO>/model/dinov2/layers/block.py:37: UserWarning: xFormers is disabled (Block)
  warnings.warn("xFormers is disabled (Block)")
<REPO>/model/dinov2/layers/block.py:42: UserWarning: xFormers is not available (Block)
  warnings.warn("xFormers is not available (Block)")
<REPO>/model/dinov2/layers/swiglu_ffn.py:46: UserWarning: xFormers is disabled (SwiGLU)
  warnings.warn("xFormers is disabled (SwiGLU)")
<REPO>/model/dinov2/layers/swiglu_ffn.py:52: UserWarning: xFormers is not available (SwiGLU)
  warnings.warn("xFormers is not available (SwiGLU)")
<REPO>/model/dinov2/layers/attention.py:31: UserWarning: xFormers is disabled (Attention)
  warnings.warn("xFormers is disabled (Attention)")
<REPO>/model/dinov2/layers/attention.py:35: UserWarning: xFormers is not available (Attention)
  warnings.warn("xFormers is not available (Attention)")
<REPO>/model/dinov2/layers/block.py:37: UserWarning: xFormers is disabled (Block)
  warnings.warn("xFormers is disabled (Block)")
<REPO>/model/dinov2/layers/block.py:42: UserWarning: xFormers is not available (Block)
  warnings.warn("xFormers is not available (Block)")
2026-08-23 06:23:52 | INFO     | toolrgs.engine.runner:222 - amp: False
architecture: ggcnnclip
base_lr: 4e-05
batch_size: 256
batch_size_val: 32
clip_pretrain: pretrain/RN50.pt
dataset: realvlg
dataset_args:
  camera_mode: kinect
  eval_frame: 0000
  train_fraction: 0.01
  train_manifest: None
  train_seed: 0
  width_factor: 100.0
device: npu:0
dist_backend: hccl
dist_url: env://
distributed: True
epochs: 1
evaluate: False
evaluation_protocol: realvlg_official
exp_name: ggcnnclip_realvlg_smoke_8npu_bs256
global_batch_size: 256
global_batch_size_val: 32
gpu: 0
grasp_height: 40.0
grasp_size_activation: sigmoid
grasp_size_coordinate: original
grasp_size_factor: 100.0
grasp_topk: [1]
input_channels: 3
input_size: 416
lr_decay: 0.1
lr_multi: 0.1
manual_seed: 0
mask_threshold: 0.35
max_norm: 1.0
milestones: [20]
multiprocessing_distributed: True
npu: 0
optimizer: adam
optimizer_foreach: False
output_dir: exp/realvlg/ggcnnclip_realvlg_smoke_8npu_bs256
output_folder: exp/realvlg
pin_memory: False
print_freq: 1
rank: 0
realvlg_width_factor: 100.0
resume: None
root_path: ./datasets/GraspNet_VLG
save_freq: 0
start_epoch: 0
sync_bn: False
test_split: seen
train_split: train
use_grasp_masks: True
use_pretrained_clip: True
val_freq: 1
val_loop: realvlg_val
val_split: seen
val_start_epoch: 11
version: multiple
visualize: False
weight: None
weight_decay: 0.0
with_depth: False
word_dim: 1024
word_len: 77
workers: 4
workers_val: 2
world_size: 8
2026-08-23 06:23:52 | INFO     | toolrgs.engine.runner:223 - Ascend device: npu:0 (Ascend910B3)
2026-08-23 06:23:52 | INFO     | toolrgs.engine.runner:224 - Batch sizes: train global=256 per-process=32; validation global=32 per-process=4; world_size=8
2026-08-23 06:23:52 | INFO     | toolrgs.engine.runner:240 - Artifact clip_pretrain: <REPO>/pretrain/RN50.pt
[CROG_GGCNN_CLIP] Load pretrained CLIP: True
[CROG_GGCNN_CLIP] Load pretrained CLIP: True
[CROG_GGCNN_CLIP] Load pretrained CLIP: True
[CROG_GGCNN_CLIP] Load pretrained CLIP: True
[CROG_GGCNN_CLIP] Load pretrained CLIP: True
[CROG_GGCNN_CLIP] Load pretrained CLIP: True
[CROG_GGCNN_CLIP] Load pretrained CLIP: True
[CROG_GGCNN_CLIP] Load pretrained CLIP: True
2026-08-23 06:23:57 | INFO     | model:89 - Build ggcnnclip: backbone=104106337, head=207060, frozen=0
2026-08-23 06:23:57 | INFO     | toolrgs.engine.runner:249 - Grasp-size protocol: coordinate=original, factor=100.0, height=40.0, activation=sigmoid
2026-08-23 06:23:59 | INFO     | toolrgs.engine.runner:283 - Precision path: amp=False, scaler=NoOpGradScaler
2026-08-23 06:23:59 | INFO     | toolrgs.engine.runner:288 - Optimizer learning rates by parameter group: [4.000000000000001e-06, 4e-05]
2026-08-23 06:24:55 | INFO     | toolrgs.engine.runner:301 - Effective batch: train_per_process=32, world_size=8, train_global=256, val_per_process=4, val_global=32, steps_per_epoch=8
........2026-08-23 06:25:32 | INFO     | utils.misc:108 - Training: Epoch=[1/1] [1/8]  Batch=36.45 (36.45)  Data=3.37 (3.37)  Lr=0.000040  Loss=0.7140 (0.7140)  Loss_qua=0.0098 (0.0098)  Loss_sin=0.0095 (0.0095)  Loss_cos=0.5712 (0.5712)  Loss_wid=0.1232 (0.1232)  Loss_off=0.0000 (0.0000)  Loss_short=0.0000 (0.0000)  Loss_align=0.0000 (0.0000)  IoU=0.91 (0.91)  Prec@50=0.00 (0.00)
2026-08-23 06:25:32 | INFO     | utils.misc:108 - Training: Epoch=[1/1] [2/8]  Batch=0.51 (18.48)  Data=0.21 (1.79)  Lr=0.000040  Loss=0.7034 (0.7087)  Loss_qua=0.0101 (0.0099)  Loss_sin=0.0093 (0.0094)  Loss_cos=0.5620 (0.5666)  Loss_wid=0.1230 (0.1231)  Loss_off=0.0000 (0.0000)  Loss_short=0.0000 (0.0000)  Loss_align=0.0000 (0.0000)  IoU=0.86 (0.89)  Prec@50=0.00 (0.00)
2026-08-23 06:25:33 | INFO     | utils.misc:108 - Training: Epoch=[1/1] [3/8]  Batch=0.49 (12.48)  Data=0.08 (1.22)  Lr=0.000040  Loss=0.6927 (0.7034)  Loss_qua=0.0116 (0.0105)  Loss_sin=0.0102 (0.0097)  Loss_cos=0.5495 (0.5609)  Loss_wid=0.1222 (0.1228)  Loss_off=0.0000 (0.0000)  Loss_short=0.0000 (0.0000)  Loss_align=0.0000 (0.0000)  IoU=0.94 (0.90)  Prec@50=0.00 (0.00)
2026-08-23 06:25:33 | INFO     | utils.misc:108 - Training: Epoch=[1/1] [4/8]  Batch=0.45 (9.47)  Data=0.20 (0.97)  Lr=0.000040  Loss=0.6819 (0.6980)  Loss_qua=0.0108 (0.0106)  Loss_sin=0.0088 (0.0094)  Loss_cos=0.5433 (0.5565)  Loss_wid=0.1216 (0.1225)  Loss_off=0.0000 (0.0000)  Loss_short=0.0000 (0.0000)  Loss_align=0.0000 (0.0000)  IoU=0.86 (0.89)  Prec@50=0.00 (0.00)
2026-08-23 06:25:34 | INFO     | utils.misc:108 - Training: Epoch=[1/1] [5/8]  Batch=0.55 (7.69)  Data=0.12 (0.80)  Lr=0.000040  Loss=0.6713 (0.6927)  Loss_qua=0.0102 (0.0105)  Loss_sin=0.0091 (0.0094)  Loss_cos=0.5310 (0.5514)  Loss_wid=0.1210 (0.1222)  Loss_off=0.0000 (0.0000)  Loss_short=0.0000 (0.0000)  Loss_align=0.0000 (0.0000)  IoU=0.97 (0.91)  Prec@50=0.00 (0.00)
2026-08-23 06:25:34 | INFO     | utils.misc:108 - Training: Epoch=[1/1] [6/8]  Batch=0.41 (6.48)  Data=0.17 (0.69)  Lr=0.000040  Loss=0.6608 (0.6874)  Loss_qua=0.0104 (0.0105)  Loss_sin=0.0091 (0.0093)  Loss_cos=0.5203 (0.5462)  Loss_wid=0.1210 (0.1220)  Loss_off=0.0000 (0.0000)  Loss_short=0.0000 (0.0000)  Loss_align=0.0000 (0.0000)  IoU=0.90 (0.91)  Prec@50=0.00 (0.00)
2026-08-23 06:25:34 | INFO     | utils.misc:108 - Training: Epoch=[1/1] [7/8]  Batch=0.37 (5.60)  Data=0.06 (0.60)  Lr=0.000040  Loss=0.6507 (0.6821)  Loss_qua=0.0103 (0.0105)  Loss_sin=0.0089 (0.0093)  Loss_cos=0.5116 (0.5413)  Loss_wid=0.1204 (0.1218)  Loss_off=0.0000 (0.0000)  Loss_short=0.0000 (0.0000)  Loss_align=0.0000 (0.0000)  IoU=0.87 (0.90)  Prec@50=0.00 (0.00)
2026-08-23 06:25:35 | INFO     | utils.misc:108 - Training: Epoch=[1/1] [8/8]  Batch=0.37 (4.95)  Data=0.12 (0.54)  Lr=0.000040  Loss=0.6409 (0.6770)  Loss_qua=0.0107 (0.0105)  Loss_sin=0.0089 (0.0092)  Loss_cos=0.5028 (0.5365)  Loss_wid=0.1194 (0.1215)  Loss_off=0.0000 (0.0000)  Loss_short=0.0000 (0.0000)  Loss_align=0.0000 (0.0000)  IoU=0.88 (0.90)  Prec@50=0.00 (0.00)
2026-08-23 06:25:35 | INFO     | toolrgs.engine.hooks:74 - Epoch 1 summary: loss=0.676968, F_beta=0.0000, gAcc=0.0000
2026-08-23 06:25:37 | INFO     | toolrgs.engine.runner:498 - Saved latest completed epoch checkpoint: exp/realvlg/ggcnnclip_realvlg_smoke_8npu_bs256/last.pth
2026-08-23 06:25:37 | INFO     | toolrgs.engine.runner:548 - Training time: 0:00:41