W0822 18:41:22.840000 278351 <PY_ENV>/lib/python3.11/site-packages/torch/distributed/run.py:803] 
W0822 18:41:22.840000 278351 <PY_ENV>/lib/python3.11/site-packages/torch/distributed/run.py:803] *****************************************
W0822 18:41:22.840000 278351 <PY_ENV>/lib/python3.11/site-packages/torch/distributed/run.py:803] Setting OMP_NUM_THREADS environment variable for each process to be 1 in default, to avoid your system being overloaded, please further tune the variable for optimal performance in your application as needed. 
W0822 18:41:22.840000 278351 <PY_ENV>/lib/python3.11/site-packages/torch/distributed/run.py:803] *****************************************
<REPO>/model/dinov2/layers/swiglu_ffn.py:46: UserWarning: xFormers is disabled (SwiGLU)
  warnings.warn("xFormers is disabled (SwiGLU)")
<REPO>/model/dinov2/layers/swiglu_ffn.py:52: UserWarning: xFormers is not available (SwiGLU)
  warnings.warn("xFormers is not available (SwiGLU)")
<REPO>/model/dinov2/layers/attention.py:31: UserWarning: xFormers is disabled (Attention)
  warnings.warn("xFormers is disabled (Attention)")
<REPO>/model/dinov2/layers/attention.py:35: UserWarning: xFormers is not available (Attention)
  warnings.warn("xFormers is not available (Attention)")
<REPO>/model/dinov2/layers/block.py:37: UserWarning: xFormers is disabled (Block)
  warnings.warn("xFormers is disabled (Block)")
<REPO>/model/dinov2/layers/block.py:42: UserWarning: xFormers is not available (Block)
  warnings.warn("xFormers is not available (Block)")
<REPO>/model/dinov2/layers/swiglu_ffn.py:46: UserWarning: xFormers is disabled (SwiGLU)
  warnings.warn("xFormers is disabled (SwiGLU)")
<REPO>/model/dinov2/layers/swiglu_ffn.py:46: UserWarning: xFormers is disabled (SwiGLU)
  warnings.warn("xFormers is disabled (SwiGLU)")
<REPO>/model/dinov2/layers/swiglu_ffn.py:52: UserWarning: xFormers is not available (SwiGLU)
  warnings.warn("xFormers is not available (SwiGLU)")
<REPO>/model/dinov2/layers/swiglu_ffn.py:52: UserWarning: xFormers is not available (SwiGLU)
  warnings.warn("xFormers is not available (SwiGLU)")
<REPO>/model/dinov2/layers/attention.py:31: UserWarning: xFormers is disabled (Attention)
  warnings.warn("xFormers is disabled (Attention)")
<REPO>/model/dinov2/layers/attention.py:31: UserWarning: xFormers is disabled (Attention)
  warnings.warn("xFormers is disabled (Attention)")
<REPO>/model/dinov2/layers/attention.py:35: UserWarning: xFormers is not available (Attention)
  warnings.warn("xFormers is not available (Attention)")
<REPO>/model/dinov2/layers/attention.py:35: UserWarning: xFormers is not available (Attention)
  warnings.warn("xFormers is not available (Attention)")
<REPO>/model/dinov2/layers/block.py:37: UserWarning: xFormers is disabled (Block)
  warnings.warn("xFormers is disabled (Block)")
<REPO>/model/dinov2/layers/block.py:37: UserWarning: xFormers is disabled (Block)
  warnings.warn("xFormers is disabled (Block)")
<REPO>/model/dinov2/layers/block.py:42: UserWarning: xFormers is not available (Block)
  warnings.warn("xFormers is not available (Block)")
<REPO>/model/dinov2/layers/block.py:42: UserWarning: xFormers is not available (Block)
  warnings.warn("xFormers is not available (Block)")
<REPO>/model/dinov2/layers/swiglu_ffn.py:46: UserWarning: xFormers is disabled (SwiGLU)
  warnings.warn("xFormers is disabled (SwiGLU)")
<REPO>/model/dinov2/layers/swiglu_ffn.py:52: UserWarning: xFormers is not available (SwiGLU)
  warnings.warn("xFormers is not available (SwiGLU)")
<REPO>/model/dinov2/layers/attention.py:31: UserWarning: xFormers is disabled (Attention)
  warnings.warn("xFormers is disabled (Attention)")
<REPO>/model/dinov2/layers/attention.py:35: UserWarning: xFormers is not available (Attention)
  warnings.warn("xFormers is not available (Attention)")
<REPO>/model/dinov2/layers/block.py:37: UserWarning: xFormers is disabled (Block)
  warnings.warn("xFormers is disabled (Block)")
<REPO>/model/dinov2/layers/block.py:42: UserWarning: xFormers is not available (Block)
  warnings.warn("xFormers is not available (Block)")
<REPO>/model/dinov2/layers/swiglu_ffn.py:46: UserWarning: xFormers is disabled (SwiGLU)
  warnings.warn("xFormers is disabled (SwiGLU)")
<REPO>/model/dinov2/layers/swiglu_ffn.py:52: UserWarning: xFormers is not available (SwiGLU)
  warnings.warn("xFormers is not available (SwiGLU)")
<REPO>/model/dinov2/layers/attention.py:31: UserWarning: xFormers is disabled (Attention)
  warnings.warn("xFormers is disabled (Attention)")
<REPO>/model/dinov2/layers/attention.py:35: UserWarning: xFormers is not available (Attention)
  warnings.warn("xFormers is not available (Attention)")
<REPO>/model/dinov2/layers/block.py:37: UserWarning: xFormers is disabled (Block)
  warnings.warn("xFormers is disabled (Block)")
<REPO>/model/dinov2/layers/block.py:42: UserWarning: xFormers is not available (Block)
  warnings.warn("xFormers is not available (Block)")
<REPO>/model/dinov2/layers/swiglu_ffn.py:46: UserWarning: xFormers is disabled (SwiGLU)
  warnings.warn("xFormers is disabled (SwiGLU)")
<REPO>/model/dinov2/layers/swiglu_ffn.py:52: UserWarning: xFormers is not available (SwiGLU)
  warnings.warn("xFormers is not available (SwiGLU)")
<REPO>/model/dinov2/layers/attention.py:31: UserWarning: xFormers is disabled (Attention)
  warnings.warn("xFormers is disabled (Attention)")
<REPO>/model/dinov2/layers/attention.py:35: UserWarning: xFormers is not available (Attention)
  warnings.warn("xFormers is not available (Attention)")
<REPO>/model/dinov2/layers/block.py:37: UserWarning: xFormers is disabled (Block)
  warnings.warn("xFormers is disabled (Block)")
<REPO>/model/dinov2/layers/block.py:42: UserWarning: xFormers is not available (Block)
  warnings.warn("xFormers is not available (Block)")
<REPO>/model/dinov2/layers/swiglu_ffn.py:46: UserWarning: xFormers is disabled (SwiGLU)
  warnings.warn("xFormers is disabled (SwiGLU)")
<REPO>/model/dinov2/layers/swiglu_ffn.py:52: UserWarning: xFormers is not available (SwiGLU)
  warnings.warn("xFormers is not available (SwiGLU)")
<REPO>/model/dinov2/layers/swiglu_ffn.py:46: UserWarning: xFormers is disabled (SwiGLU)
  warnings.warn("xFormers is disabled (SwiGLU)")
<REPO>/model/dinov2/layers/swiglu_ffn.py:52: UserWarning: xFormers is not available (SwiGLU)
  warnings.warn("xFormers is not available (SwiGLU)")
<REPO>/model/dinov2/layers/attention.py:31: UserWarning: xFormers is disabled (Attention)
  warnings.warn("xFormers is disabled (Attention)")
<REPO>/model/dinov2/layers/attention.py:35: UserWarning: xFormers is not available (Attention)
  warnings.warn("xFormers is not available (Attention)")
<REPO>/model/dinov2/layers/attention.py:31: UserWarning: xFormers is disabled (Attention)
  warnings.warn("xFormers is disabled (Attention)")
<REPO>/model/dinov2/layers/attention.py:35: UserWarning: xFormers is not available (Attention)
  warnings.warn("xFormers is not available (Attention)")
<REPO>/model/dinov2/layers/block.py:37: UserWarning: xFormers is disabled (Block)
  warnings.warn("xFormers is disabled (Block)")
<REPO>/model/dinov2/layers/block.py:42: UserWarning: xFormers is not available (Block)
  warnings.warn("xFormers is not available (Block)")
<REPO>/model/dinov2/layers/block.py:37: UserWarning: xFormers is disabled (Block)
  warnings.warn("xFormers is disabled (Block)")
<REPO>/model/dinov2/layers/block.py:42: UserWarning: xFormers is not available (Block)
  warnings.warn("xFormers is not available (Block)")
2026-08-22 18:41:33 | INFO     | toolrgs.engine.runner:222 - amp: False
architecture: drogoff
base_lr: 0.0001
batch_size: 256
batch_size_val: 32
clip_pretrain: pretrain/ViT-B-16.pt
dataset: realvlg
dataset_args:
  camera_mode: kinect
  eval_frame: 0000
  train_fraction: 0.01
  train_manifest: None
  train_seed: 0
  width_factor: 100.0
device: npu:0
dim_ffn: 512
dino_layers: 12
dino_name: dino-base
dino_pretrain: pretrain/dinov2_vitb14_reg4_pretrain.pth
dist_backend: hccl
dist_url: env://
distributed: True
dropout: 0.1
epochs: 1
evaluate: False
evaluation_protocol: realvlg_official
exp_name: drogoff_native_v3_lora_r24_12l_v2cap_realvlg_smoke_retry1_8npu_bs256
fpn_in: [768, 768, 768]
fpn_out: [256, 512, 1024]
global_batch_size: 256
global_batch_size_val: 32
gpu: 0
grasp_topk: [1]
input_size: 448
intermediate: False
ladder_dim: 128
lr_decay: 0.1
lr_multi: 1
manual_seed: 0
mask_threshold: 0.35
max_norm: 1.0
milestones: [20]
model_name: CLIP-b-16
multi_stage: 3
multiprocessing_distributed: True
native_adapter_dropout: 0.05
native_alignment_dim: 256
native_alignment_loss_weight: 0.2
native_cross_dim: 256
native_cross_heads: 8
native_dense_dropout: 0.05
native_dense_token_dim: 128
native_input_is_clip_normalized: True
native_lora_alpha: 48.0
native_lora_dropout: 0.05
native_lora_rank: 24
native_pyramid_dim: 192
native_text_adapter_dim: 64
native_text_layers: [2, 5, 8, 11]
native_text_lora_layers: [0, 1, 2, 3, 4, 5, 6, 7, 8, 9, 10, 11]
native_variant: v3
native_visual_dim: 768
native_visual_layers: [2, 5, 8, 11]
native_visual_lora_layers: [0, 1, 2, 3, 4, 5, 6, 7, 8, 9, 10, 11]
nhead: 8
npu: 0
num_head: 8
num_layers: 3
offset_decode_mode: grasp_relative
offset_head: lightweight
offset_hidden_dim: 64
offset_loss_weight: 0.1
offset_r: 20
offset_resample_geometry: False
offset_sigma: None
offset_target_stride: 4
offset_version: v2
offset_weight_floor: 0.25
optimizer: adam
optimizer_foreach: False
output_dinov2: [4, 8]
output_dir: exp/realvlg/drogoff_native_v3_lora_r24_12l_v2cap_realvlg_smoke_retry1_8npu_bs256
output_folder: exp/realvlg
pin_memory: False
print_freq: 1
projector: dynamic
rank: 0
realvlg_width_factor: 100.0
resume: None
root_path: ./datasets/GraspNet_VLG
save_freq: 0
start_epoch: 0
stride: [1, 1, 1]
sync_bn: False
test_split: seen
train_split: train
txt_adapter_dim: 64
txtual_adapter_layer: []
use_grasp_masks: True
val_loop: realvlg_val
val_split: seen
version: multiple
vis_dim: 512
visual_adapter_dim: 128
visual_adapter_layer: []
visualize: False
weight: None
weight_decay: 0.0
with_depth: False
word_dim: 512
word_len: 77
workers: 4
workers_val: 2
world_size: 8
2026-08-22 18:41:33 | INFO     | toolrgs.engine.runner:223 - Ascend device: npu:0 (Ascend910B3)
2026-08-22 18:41:33 | INFO     | toolrgs.engine.runner:224 - Batch sizes: train global=256 per-process=32; validation global=32 per-process=4; world_size=8
2026-08-22 18:41:33 | INFO     | toolrgs.engine.runner:240 - Artifact clip_pretrain: <REPO>/pretrain/ViT-B-16.pt
2026-08-22 18:41:33 | INFO     | toolrgs.engine.runner:240 - Artifact dino_pretrain: <REPO>/pretrain/dinov2_vitb14_reg4_pretrain.pth
Use grasp masks
Use grasp masks
[build_projector] Use projector type: dynamic, word_dim=512, in_dim=256, k=3
[build_projector] Use projector type: dynamic, word_dim=512, in_dim=256, k=3
[build_projector] Use projector type: dynamic, word_dim=512, in_dim=256, k=3
[build_projector] Use projector type: dynamic, word_dim=512, in_dim=256, k=3
Use grasp masks
[build_projector] Use projector type: dynamic, word_dim=512, in_dim=256, k=3
[build_projector] Use projector type: dynamic, word_dim=512, in_dim=256, k=3
Use grasp masks
[build_projector] Use projector type: dynamic, word_dim=512, in_dim=256, k=3
Use grasp masks
Use grasp masks
[build_projector] Use projector type: dynamic, word_dim=512, in_dim=256, k=3
[build_projector] Use projector type: dynamic, word_dim=512, in_dim=256, k=3
[build_projector] Use projector type: dynamic, word_dim=512, in_dim=256, k=3
[build_projector] Use projector type: dynamic, word_dim=512, in_dim=256, k=3
[build_projector] Use projector type: dynamic, word_dim=512, in_dim=256, k=3
2026-08-22 18:41:47 | INFO     | model:89 - Build drogoff: backbone=2801664, head=20731404, frozen=150011649
2026-08-22 18:41:47 | INFO     | toolrgs.engine.runner:249 - Grasp-size protocol: coordinate=original, factor=100.0, height=20.0, activation=sigmoid
Use grasp masks
[build_projector] Use projector type: dynamic, word_dim=512, in_dim=256, k=3
[build_projector] Use projector type: dynamic, word_dim=512, in_dim=256, k=3
Use grasp masks
[build_projector] Use projector type: dynamic, word_dim=512, in_dim=256, k=3
[build_projector] Use projector type: dynamic, word_dim=512, in_dim=256, k=3
2026-08-22 18:41:51 | INFO     | toolrgs.engine.runner:283 - Precision path: amp=False, scaler=NoOpGradScaler
2026-08-22 18:41:51 | INFO     | toolrgs.engine.runner:288 - Optimizer learning rates by parameter group: [0.0001, 0.0001]
2026-08-22 18:42:46 | INFO     | toolrgs.engine.runner:301 - Effective batch: train_per_process=32, world_size=8, train_global=256, val_per_process=4, val_global=32, steps_per_epoch=8
[rank0]:[W822 18:43:06.752632000 reducer.cpp:1431] Warning: find_unused_parameters=True was specified in DDP constructor, but did not find any unused parameters in the forward pass. This flag results in an extra traversal of the autograd graph every iteration,  which can adversely affect performance. If your model indeed never has any unused parameters in the forward pass, consider turning this flag off. Note that this warning may be a false positive if your model has flow control causing later iterations to have unused parameters. (function operator())
[rank1]:[W822 18:43:07.170362120 reducer.cpp:1431] Warning: find_unused_parameters=True was specified in DDP constructor, but did not find any unused parameters in the forward pass. This flag results in an extra traversal of the autograd graph every iteration,  which can adversely affect performance. If your model indeed never has any unused parameters in the forward pass, consider turning this flag off. Note that this warning may be a false positive if your model has flow control causing later iterations to have unused parameters. (function operator())
[rank5]:[W822 18:43:07.455317990 reducer.cpp:1431] Warning: find_unused_parameters=True was specified in DDP constructor, but did not find any unused parameters in the forward pass. This flag results in an extra traversal of the autograd graph every iteration,  which can adversely affect performance. If your model indeed never has any unused parameters in the forward pass, consider turning this flag off. Note that this warning may be a false positive if your model has flow control causing later iterations to have unused parameters. (function operator())
[rank2]:[W822 18:43:07.526541380 reducer.cpp:1431] Warning: find_unused_parameters=True was specified in DDP constructor, but did not find any unused parameters in the forward pass. This flag results in an extra traversal of the autograd graph every iteration,  which can adversely affect performance. If your model indeed never has any unused parameters in the forward pass, consider turning this flag off. Note that this warning may be a false positive if your model has flow control causing later iterations to have unused parameters. (function operator())
[rank6]:[W822 18:43:07.684244690 reducer.cpp:1431] Warning: find_unused_parameters=True was specified in DDP constructor, but did not find any unused parameters in the forward pass. This flag results in an extra traversal of the autograd graph every iteration,  which can adversely affect performance. If your model indeed never has any unused parameters in the forward pass, consider turning this flag off. Note that this warning may be a false positive if your model has flow control causing later iterations to have unused parameters. (function operator())
[rank4]:[W822 18:43:07.927255820 reducer.cpp:1431] Warning: find_unused_parameters=True was specified in DDP constructor, but did not find any unused parameters in the forward pass. This flag results in an extra traversal of the autograd graph every iteration,  which can adversely affect performance. If your model indeed never has any unused parameters in the forward pass, consider turning this flag off. Note that this warning may be a false positive if your model has flow control causing later iterations to have unused parameters. (function operator())
[rank7]:[W822 18:43:07.927462760 reducer.cpp:1431] Warning: find_unused_parameters=True was specified in DDP constructor, but did not find any unused parameters in the forward pass. This flag results in an extra traversal of the autograd graph every iteration,  which can adversely affect performance. If your model indeed never has any unused parameters in the forward pass, consider turning this flag off. Note that this warning may be a false positive if your model has flow control causing later iterations to have unused parameters. (function operator())
[rank3]:[W822 18:43:09.558808290 reducer.cpp:1431] Warning: find_unused_parameters=True was specified in DDP constructor, but did not find any unused parameters in the forward pass. This flag results in an extra traversal of the autograd graph every iteration,  which can adversely affect performance. If your model indeed never has any unused parameters in the forward pass, consider turning this flag off. Note that this warning may be a false positive if your model has flow control causing later iterations to have unused parameters. (function operator())
........[rank1]: Traceback (most recent call last):
[rank1]:   File "<REPO>/train.py", line 30, in <module>
[rank1]:     main()
[rank1]:   File "<REPO>/train.py", line 26, in main
[rank1]:     runner.train()
[rank1]:   File "<REPO>/toolrgs/engine/runner.py", line 521, in train
[rank1]:     train_logs = self.train_loop.run_epoch(epoch)
[rank1]:                  ^^^^^^^^^^^^^^^^^^^^^^^^^^^^^^^^
[rank1]:   File "<REPO>/toolrgs/engine/loops.py", line 153, in run_epoch
[rank1]:     self.optim_wrapper.update_params(loss, self.model)
[rank1]:   File "<REPO>/toolrgs/engine/optim.py", line 20, in update_params
[rank1]:     self.scaler.scale(loss).backward()
[rank1]:   File "<PY_ENV>/lib/python3.11/site-packages/torch/_tensor.py", line 625, in backward
[rank1]:     torch.autograd.backward(
[rank1]:   File "<PY_ENV>/lib/python3.11/site-packages/torch/autograd/__init__.py", line 354, in backward
[rank1]:     _engine_run_backward(
[rank1]:   File "<PY_ENV>/lib/python3.11/site-packages/torch/autograd/graph.py", line 841, in _engine_run_backward
[rank1]:     return Variable._execution_engine.run_backward(  # Calls into the C++ engine to run the backward pass
[rank1]:            ^^^^^^^^^^^^^^^^^^^^^^^^^^^^^^^^^^^^^^^^^^^^^^^^^^^^^^^^^^^^^^^^^^^^^^^^^^^^^^^^^^^^^^^^^^^^^^
[rank1]: RuntimeError: NPU out of memory. Tried to allocate 2.50 GiB (NPU 1; 60.96 GiB total capacity; 55.55 GiB already allocated; 55.55 GiB current active; 964.47 MiB free; 56.13 GiB reserved in total by PyTorch) If reserved memory is >> allocated memory try setting max_split_size_mb to avoid fragmentation.
[rank2]: Traceback (most recent call last):
[rank2]:   File "<REPO>/train.py", line 30, in <module>
[rank2]:     main()
[rank2]:   File "<REPO>/train.py", line 26, in main
[rank2]:     runner.train()
[rank2]:   File "<REPO>/toolrgs/engine/runner.py", line 521, in train
[rank2]:     train_logs = self.train_loop.run_epoch(epoch)
[rank2]:                  ^^^^^^^^^^^^^^^^^^^^^^^^^^^^^^^^
[rank2]:   File "<REPO>/toolrgs/engine/loops.py", line 153, in run_epoch
[rank2]:     self.optim_wrapper.update_params(loss, self.model)
[rank2]:   File "<REPO>/toolrgs/engine/optim.py", line 20, in update_params
[rank2]:     self.scaler.scale(loss).backward()
[rank2]:   File "<PY_ENV>/lib/python3.11/site-packages/torch/_tensor.py", line 625, in backward
[rank2]:     torch.autograd.backward(
[rank2]:   File "<PY_ENV>/lib/python3.11/site-packages/torch/autograd/__init__.py", line 354, in backward
[rank2]:     _engine_run_backward(
[rank2]:   File "<PY_ENV>/lib/python3.11/site-packages/torch/autograd/graph.py", line 841, in _engine_run_backward
[rank2]:     return Variable._execution_engine.run_backward(  # Calls into the C++ engine to run the backward pass
[rank2]:            ^^^^^^^^^^^^^^^^^^^^^^^^^^^^^^^^^^^^^^^^^^^^^^^^^^^^^^^^^^^^^^^^^^^^^^^^^^^^^^^^^^^^^^^^^^^^^^
[rank2]: RuntimeError: NPU out of memory. Tried to allocate 2.50 GiB (NPU 2; 60.96 GiB total capacity; 55.55 GiB already allocated; 55.55 GiB current active; 964.25 MiB free; 56.13 GiB reserved in total by PyTorch) If reserved memory is >> allocated memory try setting max_split_size_mb to avoid fragmentation.
[rank4]: Traceback (most recent call last):
[rank4]:   File "<REPO>/train.py", line 30, in <module>
[rank4]:     main()
[rank4]:   File "<REPO>/train.py", line 26, in main
[rank4]:     runner.train()
[rank4]:   File "<REPO>/toolrgs/engine/runner.py", line 521, in train
[rank4]:     train_logs = self.train_loop.run_epoch(epoch)
[rank4]:                  ^^^^^^^^^^^^^^^^^^^^^^^^^^^^^^^^
[rank4]:   File "<REPO>/toolrgs/engine/loops.py", line 153, in run_epoch
[rank4]:     self.optim_wrapper.update_params(loss, self.model)
[rank4]:   File "<REPO>/toolrgs/engine/optim.py", line 20, in update_params
[rank4]:     self.scaler.scale(loss).backward()
[rank4]:   File "<PY_ENV>/lib/python3.11/site-packages/torch/_tensor.py", line 625, in backward
[rank4]:     torch.autograd.backward(
[rank4]:   File "<PY_ENV>/lib/python3.11/site-packages/torch/autograd/__init__.py", line 354, in backward
[rank4]:     _engine_run_backward(
[rank4]:   File "<PY_ENV>/lib/python3.11/site-packages/torch/autograd/graph.py", line 841, in _engine_run_backward
[rank4]:     return Variable._execution_engine.run_backward(  # Calls into the C++ engine to run the backward pass
[rank4]:            ^^^^^^^^^^^^^^^^^^^^^^^^^^^^^^^^^^^^^^^^^^^^^^^^^^^^^^^^^^^^^^^^^^^^^^^^^^^^^^^^^^^^^^^^^^^^^^
[rank4]: RuntimeError: NPU out of memory. Tried to allocate 2.50 GiB (NPU 4; 60.96 GiB total capacity; 55.55 GiB already allocated; 55.55 GiB current active; 965.20 MiB free; 56.13 GiB reserved in total by PyTorch) If reserved memory is >> allocated memory try setting max_split_size_mb to avoid fragmentation.
[rank7]: Traceback (most recent call last):
[rank7]:   File "<REPO>/train.py", line 30, in <module>
[rank7]:     main()
[rank7]:   File "<REPO>/train.py", line 26, in main
[rank7]:     runner.train()
[rank7]:   File "<REPO>/toolrgs/engine/runner.py", line 521, in train
[rank7]:     train_logs = self.train_loop.run_epoch(epoch)
[rank7]:                  ^^^^^^^^^^^^^^^^^^^^^^^^^^^^^^^^
[rank7]:   File "<REPO>/toolrgs/engine/loops.py", line 153, in run_epoch
[rank7]:     self.optim_wrapper.update_params(loss, self.model)
[rank7]:   File "<REPO>/toolrgs/engine/optim.py", line 20, in update_params
[rank7]:     self.scaler.scale(loss).backward()
[rank7]:   File "<PY_ENV>/lib/python3.11/site-packages/torch/_tensor.py", line 625, in backward
[rank7]:     torch.autograd.backward(
[rank7]:   File "<PY_ENV>/lib/python3.11/site-packages/torch/autograd/__init__.py", line 354, in backward
[rank7]:     _engine_run_backward(
[rank7]:   File "<PY_ENV>/lib/python3.11/site-packages/torch/autograd/graph.py", line 841, in _engine_run_backward
[rank7]:     return Variable._execution_engine.run_backward(  # Calls into the C++ engine to run the backward pass
[rank7]:            ^^^^^^^^^^^^^^^^^^^^^^^^^^^^^^^^^^^^^^^^^^^^^^^^^^^^^^^^^^^^^^^^^^^^^^^^^^^^^^^^^^^^^^^^^^^^^^
[rank7]: RuntimeError: NPU out of memory. Tried to allocate 2.50 GiB (NPU 7; 60.96 GiB total capacity; 55.55 GiB already allocated; 55.55 GiB current active; 964.51 MiB free; 56.13 GiB reserved in total by PyTorch) If reserved memory is >> allocated memory try setting max_split_size_mb to avoid fragmentation.
[rank0]: Traceback (most recent call last):
[rank0]:   File "<REPO>/train.py", line 30, in <module>
[rank0]:     main()
[rank0]:   File "<REPO>/train.py", line 26, in main
[rank0]:     runner.train()
[rank0]:   File "<REPO>/toolrgs/engine/runner.py", line 521, in train
[rank0]:     train_logs = self.train_loop.run_epoch(epoch)
[rank0]:                  ^^^^^^^^^^^^^^^^^^^^^^^^^^^^^^^^
[rank0]:   File "<REPO>/toolrgs/engine/loops.py", line 153, in run_epoch
[rank0]:     self.optim_wrapper.update_params(loss, self.model)
[rank0]:   File "<REPO>/toolrgs/engine/optim.py", line 20, in update_params
[rank0]:     self.scaler.scale(loss).backward()
[rank0]:   File "<PY_ENV>/lib/python3.11/site-packages/torch/_tensor.py", line 625, in backward
[rank0]:     torch.autograd.backward(
[rank0]:   File "<PY_ENV>/lib/python3.11/site-packages/torch/autograd/__init__.py", line 354, in backward
[rank0]:     _engine_run_backward(
[rank0]:   File "<PY_ENV>/lib/python3.11/site-packages/torch/autograd/graph.py", line 841, in _engine_run_backward
[rank0]:     return Variable._execution_engine.run_backward(  # Calls into the C++ engine to run the backward pass
[rank0]:            ^^^^^^^^^^^^^^^^^^^^^^^^^^^^^^^^^^^^^^^^^^^^^^^^^^^^^^^^^^^^^^^^^^^^^^^^^^^^^^^^^^^^^^^^^^^^^^
[rank0]: RuntimeError: NPU out of memory. Tried to allocate 2.50 GiB (NPU 0; 60.96 GiB total capacity; 55.55 GiB already allocated; 55.55 GiB current active; 959.65 MiB free; 56.13 GiB reserved in total by PyTorch) If reserved memory is >> allocated memory try setting max_split_size_mb to avoid fragmentation.
[rank5]: Traceback (most recent call last):
[rank5]:   File "<REPO>/train.py", line 30, in <module>
[rank5]:     main()
[rank5]:   File "<REPO>/train.py", line 26, in main
[rank5]:     runner.train()
[rank5]:   File "<REPO>/toolrgs/engine/runner.py", line 521, in train
[rank5]:     train_logs = self.train_loop.run_epoch(epoch)
[rank5]:                  ^^^^^^^^^^^^^^^^^^^^^^^^^^^^^^^^
[rank5]:   File "<REPO>/toolrgs/engine/loops.py", line 153, in run_epoch
[rank5]:     self.optim_wrapper.update_params(loss, self.model)
[rank5]:   File "<REPO>/toolrgs/engine/optim.py", line 20, in update_params
[rank5]:     self.scaler.scale(loss).backward()
[rank5]:   File "<PY_ENV>/lib/python3.11/site-packages/torch/_tensor.py", line 625, in backward
[rank5]:     torch.autograd.backward(
[rank5]:   File "<PY_ENV>/lib/python3.11/site-packages/torch/autograd/__init__.py", line 354, in backward
[rank5]:     _engine_run_backward(
[rank5]:   File "<PY_ENV>/lib/python3.11/site-packages/torch/autograd/graph.py", line 841, in _engine_run_backward
[rank5]:     return Variable._execution_engine.run_backward(  # Calls into the C++ engine to run the backward pass
[rank5]:            ^^^^^^^^^^^^^^^^^^^^^^^^^^^^^^^^^^^^^^^^^^^^^^^^^^^^^^^^^^^^^^^^^^^^^^^^^^^^^^^^^^^^^^^^^^^^^^
[rank5]: RuntimeError: NPU out of memory. Tried to allocate 2.50 GiB (NPU 5; 60.96 GiB total capacity; 55.55 GiB already allocated; 55.55 GiB current active; 965.60 MiB free; 56.13 GiB reserved in total by PyTorch) If reserved memory is >> allocated memory try setting max_split_size_mb to avoid fragmentation.
[rank6]: Traceback (most recent call last):
[rank6]:   File "<REPO>/train.py", line 30, in <module>
[rank6]:     main()
[rank6]:   File "<REPO>/train.py", line 26, in main
[rank6]:     runner.train()
[rank6]:   File "<REPO>/toolrgs/engine/runner.py", line 521, in train
[rank6]:     train_logs = self.train_loop.run_epoch(epoch)
[rank6]:                  ^^^^^^^^^^^^^^^^^^^^^^^^^^^^^^^^
[rank6]:   File "<REPO>/toolrgs/engine/loops.py", line 153, in run_epoch
[rank6]:     self.optim_wrapper.update_params(loss, self.model)
[rank6]:   File "<REPO>/toolrgs/engine/optim.py", line 20, in update_params
[rank6]:     self.scaler.scale(loss).backward()
[rank6]:   File "<PY_ENV>/lib/python3.11/site-packages/torch/_tensor.py", line 625, in backward
[rank6]:     torch.autograd.backward(
[rank6]:   File "<PY_ENV>/lib/python3.11/site-packages/torch/autograd/__init__.py", line 354, in backward
[rank6]:     _engine_run_backward(
[rank6]:   File "<PY_ENV>/lib/python3.11/site-packages/torch/autograd/graph.py", line 841, in _engine_run_backward
[rank6]:     return Variable._execution_engine.run_backward(  # Calls into the C++ engine to run the backward pass
[rank6]:            ^^^^^^^^^^^^^^^^^^^^^^^^^^^^^^^^^^^^^^^^^^^^^^^^^^^^^^^^^^^^^^^^^^^^^^^^^^^^^^^^^^^^^^^^^^^^^^
[rank6]: RuntimeError: NPU out of memory. Tried to allocate 2.50 GiB (NPU 6; 60.96 GiB total capacity; 55.55 GiB already allocated; 55.55 GiB current active; 964.41 MiB free; 56.13 GiB reserved in total by PyTorch) If reserved memory is >> allocated memory try setting max_split_size_mb to avoid fragmentation.
[rank3]: Traceback (most recent call last):
[rank3]:   File "<REPO>/train.py", line 30, in <module>
[rank3]:     main()
[rank3]:   File "<REPO>/train.py", line 26, in main
[rank3]:     runner.train()
[rank3]:   File "<REPO>/toolrgs/engine/runner.py", line 521, in train
[rank3]:     train_logs = self.train_loop.run_epoch(epoch)
[rank3]:                  ^^^^^^^^^^^^^^^^^^^^^^^^^^^^^^^^
[rank3]:   File "<REPO>/toolrgs/engine/loops.py", line 153, in run_epoch
[rank3]:     self.optim_wrapper.update_params(loss, self.model)
[rank3]:   File "<REPO>/toolrgs/engine/optim.py", line 20, in update_params
[rank3]:     self.scaler.scale(loss).backward()
[rank3]:   File "<PY_ENV>/lib/python3.11/site-packages/torch/_tensor.py", line 625, in backward
[rank3]:     torch.autograd.backward(
[rank3]:   File "<PY_ENV>/lib/python3.11/site-packages/torch/autograd/__init__.py", line 354, in backward
[rank3]:     _engine_run_backward(
[rank3]:   File "<PY_ENV>/lib/python3.11/site-packages/torch/autograd/graph.py", line 841, in _engine_run_backward
[rank3]:     return Variable._execution_engine.run_backward(  # Calls into the C++ engine to run the backward pass
[rank3]:            ^^^^^^^^^^^^^^^^^^^^^^^^^^^^^^^^^^^^^^^^^^^^^^^^^^^^^^^^^^^^^^^^^^^^^^^^^^^^^^^^^^^^^^^^^^^^^^
[rank3]: RuntimeError: NPU out of memory. Tried to allocate 2.50 GiB (NPU 3; 60.96 GiB total capacity; 55.55 GiB already allocated; 55.55 GiB current active; 963.97 MiB free; 56.13 GiB reserved in total by PyTorch) If reserved memory is >> allocated memory try setting max_split_size_mb to avoid fragmentation.
[ERROR] 2026-08-22-18:43:30 (PID:278654, Device:4, RankID:-1) ERR99999 UNKNOWN applicaiton exception
[ERROR] 2026-08-22-18:43:30 (PID:278652, Device:2, RankID:-1) ERR99999 UNKNOWN applicaiton exception
[ERROR] 2026-08-22-18:43:30 (PID:278651, Device:1, RankID:-1) ERR99999 UNKNOWN applicaiton exception
[ERROR] 2026-08-22-18:43:30 (PID:278650, Device:0, RankID:-1) ERR99999 UNKNOWN applicaiton exception
[ERROR] 2026-08-22-18:43:31 (PID:278655, Device:5, RankID:-1) ERR99999 UNKNOWN applicaiton exception
[ERROR] 2026-08-22-18:43:31 (PID:278656, Device:6, RankID:-1) ERR99999 UNKNOWN applicaiton exception
[ERROR] 2026-08-22-18:43:31 (PID:278657, Device:7, RankID:-1) ERR99999 UNKNOWN applicaiton exception
[ERROR] 2026-08-22-18:43:31 (PID:278653, Device:3, RankID:-1) ERR99999 UNKNOWN applicaiton exception
W0822 18:43:38.127000 278351 <PY_ENV>/lib/python3.11/site-packages/torch/distributed/elastic/multiprocessing/api.py:908] Sending process 278650 closing signal SIGTERM
W0822 18:43:38.128000 278351 <PY_ENV>/lib/python3.11/site-packages/torch/distributed/elastic/multiprocessing/api.py:908] Sending process 278651 closing signal SIGTERM
W0822 18:43:38.129000 278351 <PY_ENV>/lib/python3.11/site-packages/torch/distributed/elastic/multiprocessing/api.py:908] Sending process 278653 closing signal SIGTERM
W0822 18:43:38.129000 278351 <PY_ENV>/lib/python3.11/site-packages/torch/distributed/elastic/multiprocessing/api.py:908] Sending process 278654 closing signal SIGTERM
W0822 18:43:38.129000 278351 <PY_ENV>/lib/python3.11/site-packages/torch/distributed/elastic/multiprocessing/api.py:908] Sending process 278655 closing signal SIGTERM
W0822 18:43:38.130000 278351 <PY_ENV>/lib/python3.11/site-packages/torch/distributed/elastic/multiprocessing/api.py:908] Sending process 278656 closing signal SIGTERM
W0822 18:43:38.131000 278351 <PY_ENV>/lib/python3.11/site-packages/torch/distributed/elastic/multiprocessing/api.py:908] Sending process 278657 closing signal SIGTERM
E0822 18:43:39.173000 278351 <PY_ENV>/lib/python3.11/site-packages/torch/distributed/elastic/multiprocessing/api.py:882] failed (exitcode: 1) local_rank: 2 (pid: 278652) of binary: <PY_ENV>/bin/python3.11
Traceback (most recent call last):
  File "<PY_ENV>/bin/torchrun", line 7, in <module>
    sys.exit(main())
             ^^^^^^
  File "<PY_ENV>/lib/python3.11/site-packages/torch/distributed/elastic/multiprocessing/errors/__init__.py", line 357, in wrapper
    return f(*args, **kwargs)
           ^^^^^^^^^^^^^^^^^^
  File "<PY_ENV>/lib/python3.11/site-packages/torch/distributed/run.py", line 936, in main
    run(args)
  File "<PY_ENV>/lib/python3.11/site-packages/torch/distributed/run.py", line 927, in run
    elastic_launch(
  File "<PY_ENV>/lib/python3.11/site-packages/torch/distributed/launcher/api.py", line 156, in __call__
    return launch_agent(self._config, self._entrypoint, list(args))
           ^^^^^^^^^^^^^^^^^^^^^^^^^^^^^^^^^^^^^^^^^^^^^^^^^^^^^^^^
  File "<PY_ENV>/lib/python3.11/site-packages/torch/distributed/launcher/api.py", line 293, in launch_agent
    raise ChildFailedError(
torch.distributed.elastic.multiprocessing.errors.ChildFailedError: 
============================================================
train.py FAILED
------------------------------------------------------------
Failures:
  <NO_OTHER_FAILURES>
------------------------------------------------------------
Root Cause (first observed failure):
[0]:
  time      : 2026-08-22_18:43:38
  host      : <TRAIN_HOST>
  rank      : 2 (local_rank: 2)
  exitcode  : 1 (pid: 278652)
  error_file: <N/A>
  traceback : To enable traceback see: https://pytorch.org/docs/stable/elastic/errors.html
============================================================
[ERROR] 2026-08-22-18:43:39 (PID:278351, Device:-1, RankID:-1) ERR99999 UNKNOWN applicaiton exception

